# serializer version: 1
# name: test_rate_limiting
  RateLimit(
    consumed_daily=3,
    daily_limit=10,
    remaining_daily=7,
  )
# ---
# name: test_rooftop_sites
  list([
    RooftopSite(
      azimuth=-120,
      capacity=3.24,
      capacity_dc=2.64,
      install_date=datetime.datetime(2023, 5, 11, 22, 0, tzinfo=datetime.timezone.utc),
      loss_factor=0.98,
      name='Flat roof',
      resource_id='acqo-rh9b-hq68-3y5n',
      tilt=25,
    ),
    RooftopSite(
      azimuth=130,
      capacity=1.65,
      capacity_dc=1.95,
      install_date=datetime.datetime(2024, 5, 11, 22, 0, tzinfo=datetime.timezone.utc),
      loss_factor=0.98,
      name='Slanted roof',
      resource_id='ww00-3og6-dkor-4fy1',
      tilt=25,
    ),
  ])
# ---
